MANIFEST.json: OK
README.md: OK
REUSE.json: OK
browser.patch: OK
completed-report.mjs: OK
finalize.mjs: OK
reuse/applied.patch: OK
reuse/exit-code.txt: OK
reuse/final-status.txt: OK
reuse/final-working-tree.patch: OK
reuse/historical-run.json: OK
reuse/lane-exit.txt: OK
reuse/packet-manifest.json: OK
reuse/packet-source.json: OK
reuse/phase.txt: OK
reuse/qualified-renderer.json: OK
reuse/renderer-exit.txt: OK
reuse/renderer.json: OK
reuse/renderer.log: OK
reuse/source-applied.json: OK
reuse/source-before.json: OK
reuse/source.json: OK
run.sh: OK
source.json: OK
usage-cost-analysis.e2e.test.ts: OK
validate.mjs: OK
verify-reuse.mjs: OK
verify-source.mjs: OK
view.test.ts: OK
