ui/src/app/app-shell-view.ts: OK
ui/src/pages/dashboards/view.ts: OK
ui/src/lib/avatar.ts: OK
ui/src/lib/graphemes.ts: OK
ui/src/lib/avatar.test.ts: OK
ui/src/lib/assistant-identity.ts: OK
ui/src/app/config.ts: OK
ui/src/pages/dashboards/route.ts: OK
ui/src/pages/dashboards/dashboards-page.ts: OK
ui/src/styles/layout.css: OK
src/gateway/assistant-identity.ts: OK
src/gateway/session-identity-projection.ts: OK
package.json: OK
pnpm-lock.yaml: OK
pnpm-workspace.yaml: OK
ui/package.json: OK
.oxfmtrc.jsonc: OK
ui/src/test-helpers/control-ui-e2e.ts: OK
ui/src/test-helpers/control-ui-e2e-artifacts.ts: OK
ui/src/e2e/control-ui-e2e-suite.test-support.ts: OK
test/vitest/vitest.ui-e2e.config.ts: OK
test/vitest/vitest.ui-e2e.global-setup.ts: OK
test/vitest/vitest.shared.config.ts: OK
test/vitest/vitest.timeouts.ts: OK
scripts/run-vitest.mjs: OK
src/gateway/control-ui-bootstrap-contract.ts: OK
