[check:changed] lanes=coreTests, ui
[check:changed] ui/src/e2e/identity-config-refresh.e2e.test.ts: UI test
[check:changed] ui/src/pages/chat/chat-pane-lifecycle.ts: UI production
[check:changed] ui/src/pages/chat/chat-pane.test-support.ts: UI test
[check:changed] ui/src/pages/chat/chat-state-page.ts: UI production

[check:changed] conflict markers
Downloading the pnpm 12.3.4 binary for linux-x64...
$ node scripts/check-no-conflict-markers.mjs

[check:changed] max-lines suppression ratchet
$ node --import ./scripts/tsx.mjs scripts/check-max-lines-ratchet.mts --base 251634acaccd9d0576a915461f7a154cc51b50f4
max-lines ratchet OK: 840 grandfathered suppressions.
OPENCLAW_* count 493/493

[check:changed] assertion SAFETY comment ratchet
$ node --import ./scripts/tsx.mjs scripts/check-assertion-safety-ratchet.mts --base 251634acaccd9d0576a915461f7a154cc51b50f4
assertion SAFETY ratchet OK: 3949 files, 11708 grandfathered assertions.

[check:changed] changelog attributions
$ node --import ./scripts/tsx.mjs scripts/check-changelog-attributions.mts

[check:changed] doctor deprecation registry
$ node --import ./scripts/tsx.mjs scripts/check-doctor-deprecation-registry.ts
[doctor-deprecation-registry] OK as of 2026-09-09

[check:changed] guarded extension wildcard re-exports
$ node --import ./scripts/tsx.mjs scripts/check-extension-wildcard-reexports.mts
No guarded extension wildcard re-exports found.

[check:changed] plugin-sdk wildcard re-exports
$ node --import ./scripts/tsx.mjs scripts/check-plugin-sdk-wildcard-reexports.mts
No plugin-sdk wildcard re-exports found in extension API barrels.

[check:changed] duplicate scan target coverage
$ node scripts/check-duplicates.mjs --coverage
[dup:check] target coverage ok

[check:changed] dependency pin guard
$ node --import ./scripts/tsx.mjs scripts/check-dependency-pins.mts
PASS direct dependency pin guard: checked 671 directly declared dependency specs across 182 tracked package manifests; 0 violations.

[check:changed] format changed files
$ oxfmt --check --no-error-on-unmatched-pattern -- ui/src/e2e/identity-config-refresh.e2e.test.ts ui/src/pages/chat/chat-pane-lifecycle.ts ui/src/pages/chat/chat-pane.test-support.ts ui/src/pages/chat/chat-state-page.ts
Checking formatting...

All matched files use the correct format.
Finished in 4ms on 4 files using 4 threads.

[check:changed] package patch guard
$ node --import ./scripts/tsx.mjs scripts/check-package-patches.mts
PASS package patch guard: no new pnpm patches; 6 approved patches allowlisted.

[check:changed] test temp creation report (warning-only)
No new test temp-directory migration warnings found.

[check:changed] core tsgo graph boundary
$ node --import ./scripts/tsx.mjs scripts/check-tsgo-core-boundary.mts

[check:changed] Control UI i18n catalog
$ pnpm ui:i18n:verify
$ node --import ./scripts/tsx.mjs scripts/control-ui-i18n-verify.ts verify
control-ui-i18n: raw-copy: baseline entries=76
control-ui-i18n: source: keys=6648 literal_references=7410 template_prefix_references=94

[check:changed] typecheck core tests
$ node scripts/run-tsgo-core-test-shards.mjs

[check:changed] typecheck UI
$ node scripts/run-tsgo.mjs -p tsconfig.ui.json --incremental --tsBuildInfoFile .artifacts/tsgo-cache/ui.tsbuildinfo

[check:changed] coercion helper declaration guard
$ node --import ./scripts/tsx.mjs scripts/check-coercion-helper-declarations.mts
Coercion helper declaration guard passed (111 allowlisted declarations).

[check:changed] dead export scan (skip with OPENCLAW_CHECK_CHANGED_SKIP_DEADCODE=1)
[deadcode] Knip script unused-export scan passed with 0 entries.
[deadcode] Knip production unused-export scan still running after 60s.
[deadcode] Knip full-tree unused-export scan still running after 60s.
[deadcode] Knip production unused-export scan passed with 0 entries.
[deadcode] Knip full-tree unused-export scan passed with 0 entries.

[check:changed] lint core changed files

  [38;2;225;80;80;1m×[0m [38;2;225;80;80;1meslint(curly): Expected { after 'if' condition.[0m
    ╭─[[38;2;92;157;255;1mui/src/e2e/identity-config-refresh.e2e.test.ts[0m:81:25]
 [2m80[0m │           ).openclawControlUiE2eGateway;
 [2m81[0m │           if (!fixture) throw new Error("Mock Gateway is not installed");
    · [38;2;246;87;248m                        ─────────────────────────────────────────────────[0m
 [2m82[0m │           const rows: Array<{ method: string; params: unknown; response: unknown }> = [];
    ╰────
[38;2;106;159;181m  help: [0mReplace `throw new Error("Mock Gateway is not installed");` with `{throw new Error("Mock Gateway is not installed");}`.

Found 0 warnings and 1 error.
Finished in 32.0s on 4 files with 263 rules using 1 threads.
[oxlint] FAILED (exit 1)

[check:changed] summary
   1.75s  ok         conflict markers
  24.20s  ok         max-lines suppression ratchet
  12.18s  ok         assertion SAFETY comment ratchet
   273ms  ok         changelog attributions
   236ms  ok         doctor deprecation registry
   299ms  ok         guarded extension wildcard re-exports
   278ms  ok         plugin-sdk wildcard re-exports
   389ms  ok         duplicate scan target coverage
   330ms  ok         dependency pin guard
   169ms  ok         format changed files
   640ms  ok         package patch guard
   701ms  ok         test temp creation report (warning-only)
  56.23s  ok         core tsgo graph boundary
   3.81s  ok         Control UI i18n catalog
 791.21s  ok         typecheck core tests
  44.34s  ok         typecheck UI
  20.13s  ok         coercion helper declaration guard
  92.10s  ok         dead export scan (skip with OPENCLAW_CHECK_CHANGED_SKIP_DEADCODE=1)
  32.33s  failed:1   lint core changed files
[check:changed] FAILED (exit 1)
